// Jest Snapshot v1, https://goo.gl/fbAQLP

exports[`Team Team should render 1`] = `
ReactWrapper {
  Symbol(enzyme.__unrendered__): <Team
    contentAlign="center"
    imageBorder={false}
    imageCircle={true}
    members={Array []}
    showBorder={true}
    showImage={true}
    showJob={true}
    showName={true}
    showSummary={true}
    socialGray={false}
    socials={Array []}
  />,
  Symbol(enzyme.__renderer__): Object {
    "batchedUpdates": [Function],
    "getNode": [Function],
    "render": [Function],
    "simulateError": [Function],
    "simulateEvent": [Function],
    "unmount": [Function],
  },
  Symbol(enzyme.__root__): [Circular],
  Symbol(enzyme.__node__): Object {
    "instance": Team {
      "_reactInternalFiber": Se {
        "alternate": null,
        "child": Se {
          "alternate": null,
          "child": null,
          "childExpirationTime": 0,
          "effectTag": 0,
          "expirationTime": 0,
          "firstContextDependency": null,
          "firstEffect": null,
          "index": 0,
          "key": null,
          "lastEffect": null,
          "memoizedProps": Object {
            "children": Array [],
            "className": "Team row",
          },
          "memoizedState": null,
          "mode": 0,
          "nextEffect": null,
          "pendingProps": Object {
            "children": Array [],
            "className": "Team row",
          },
          "ref": null,
          "return": [Circular],
          "sibling": null,
          "stateNode": <div
            class="Team row"
          />,
          "tag": 7,
          "type": "div",
          "updateQueue": null,
        },
        "childExpirationTime": 0,
        "effectTag": 1,
        "expirationTime": 0,
        "firstContextDependency": null,
        "firstEffect": null,
        "index": 0,
        "key": null,
        "lastEffect": null,
        "memoizedProps": Object {
          "contentAlign": "center",
          "imageBorder": false,
          "imageCircle": true,
          "members": Array [],
          "showBorder": true,
          "showImage": true,
          "showJob": true,
          "showName": true,
          "showSummary": true,
          "socialGray": false,
          "socials": Array [],
        },
        "memoizedState": null,
        "mode": 0,
        "nextEffect": null,
        "pendingProps": Object {
          "contentAlign": "center",
          "imageBorder": false,
          "imageCircle": true,
          "members": Array [],
          "showBorder": true,
          "showImage": true,
          "showJob": true,
          "showName": true,
          "showSummary": true,
          "socialGray": false,
          "socials": Array [],
        },
        "ref": null,
        "return": Se {
          "alternate": null,
          "child": [Circular],
          "childExpirationTime": 0,
          "effectTag": 1,
          "expirationTime": 0,
          "firstContextDependency": null,
          "firstEffect": null,
          "index": 0,
          "key": null,
          "lastEffect": null,
          "memoizedProps": Object {
            "Component": [Function],
            "context": null,
            "props": Object {
              "contentAlign": "center",
              "imageBorder": false,
              "imageCircle": true,
              "members": Array [],
              "showBorder": true,
              "showImage": true,
              "showJob": true,
              "showName": true,
              "showSummary": true,
              "socialGray": false,
              "socials": Array [],
            },
          },
          "memoizedState": Object {
            "context": null,
            "mount": true,
            "props": Object {
              "contentAlign": "center",
              "imageBorder": false,
              "imageCircle": true,
              "members": Array [],
              "showBorder": true,
              "showImage": true,
              "showJob": true,
              "showName": true,
              "showSummary": true,
              "socialGray": false,
              "socials": Array [],
            },
          },
          "mode": 0,
          "nextEffect": null,
          "pendingProps": Object {
            "Component": [Function],
            "context": null,
            "props": Object {
              "contentAlign": "center",
              "imageBorder": false,
              "imageCircle": true,
              "members": Array [],
              "showBorder": true,
              "showImage": true,
              "showJob": true,
              "showName": true,
              "showSummary": true,
              "socialGray": false,
              "socials": Array [],
            },
          },
          "ref": null,
          "return": Se {
            "alternate": Se {
              "alternate": [Circular],
              "child": null,
              "childExpirationTime": 0,
              "effectTag": 0,
              "expirationTime": 1,
              "firstContextDependency": null,
              "firstEffect": null,
              "index": 0,
              "key": null,
              "lastEffect": null,
              "memoizedProps": null,
              "memoizedState": null,
              "mode": 0,
              "nextEffect": null,
              "pendingProps": null,
              "ref": null,
              "return": null,
              "sibling": null,
              "stateNode": Object {
                "containerInfo": <div>
                  <div
                    class="Team row"
                  />
                </div>,
                "context": Object {},
                "current": [Circular],
                "didError": false,
                "earliestPendingTime": 0,
                "earliestSuspendedTime": 0,
                "expirationTime": 0,
                "finishedWork": null,
                "firstBatch": null,
                "hydrate": false,
                "latestPendingTime": 0,
                "latestPingedTime": 0,
                "latestSuspendedTime": 0,
                "nextExpirationTimeToWorkOn": 0,
                "nextScheduledRoot": null,
                "pendingChildren": null,
                "pendingCommitExpirationTime": 0,
                "pendingContext": null,
                "timeoutHandle": -1,
              },
              "tag": 5,
              "type": null,
              "updateQueue": Object {
                "baseState": null,
                "firstCapturedEffect": null,
                "firstCapturedUpdate": null,
                "firstEffect": null,
                "firstUpdate": Object {
                  "callback": null,
                  "expirationTime": 1,
                  "next": null,
                  "nextEffect": null,
                  "payload": Object {
                    "element": <WrapperComponent
                      Component={[Function]}
                      context={null}
                      props={
                        Object {
                          "contentAlign": "center",
                          "imageBorder": false,
                          "imageCircle": true,
                          "members": Array [],
                          "showBorder": true,
                          "showImage": true,
                          "showJob": true,
                          "showName": true,
                          "showSummary": true,
                          "socialGray": false,
                          "socials": Array [],
                        }
                      }
                    />,
                  },
                  "tag": 0,
                },
                "lastCapturedEffect": null,
                "lastCapturedUpdate": null,
                "lastEffect": null,
                "lastUpdate": Object {
                  "callback": null,
                  "expirationTime": 1,
                  "next": null,
                  "nextEffect": null,
                  "payload": Object {
                    "element": <WrapperComponent
                      Component={[Function]}
                      context={null}
                      props={
                        Object {
                          "contentAlign": "center",
                          "imageBorder": false,
                          "imageCircle": true,
                          "members": Array [],
                          "showBorder": true,
                          "showImage": true,
                          "showJob": true,
                          "showName": true,
                          "showSummary": true,
                          "socialGray": false,
                          "socials": Array [],
                        }
                      }
                    />,
                  },
                  "tag": 0,
                },
              },
            },
            "child": [Circular],
            "childExpirationTime": 0,
            "effectTag": 32,
            "expirationTime": 0,
            "firstContextDependency": null,
            "firstEffect": [Circular],
            "index": 0,
            "key": null,
            "lastEffect": [Circular],
            "memoizedProps": null,
            "memoizedState": Object {
              "element": <WrapperComponent
                Component={[Function]}
                context={null}
                props={
                  Object {
                    "contentAlign": "center",
                    "imageBorder": false,
                    "imageCircle": true,
                    "members": Array [],
                    "showBorder": true,
                    "showImage": true,
                    "showJob": true,
                    "showName": true,
                    "showSummary": true,
                    "socialGray": false,
                    "socials": Array [],
                  }
                }
              />,
            },
            "mode": 0,
            "nextEffect": null,
            "pendingProps": null,
            "ref": null,
            "return": null,
            "sibling": null,
            "stateNode": Object {
              "containerInfo": <div>
                <div
                  class="Team row"
                />
              </div>,
              "context": Object {},
              "current": [Circular],
              "didError": false,
              "earliestPendingTime": 0,
              "earliestSuspendedTime": 0,
              "expirationTime": 0,
              "finishedWork": null,
              "firstBatch": null,
              "hydrate": false,
              "latestPendingTime": 0,
              "latestPingedTime": 0,
              "latestSuspendedTime": 0,
              "nextExpirationTimeToWorkOn": 0,
              "nextScheduledRoot": null,
              "pendingChildren": null,
              "pendingCommitExpirationTime": 0,
              "pendingContext": null,
              "timeoutHandle": -1,
            },
            "tag": 5,
            "type": null,
            "updateQueue": Object {
              "baseState": Object {
                "element": <WrapperComponent
                  Component={[Function]}
                  context={null}
                  props={
                    Object {
                      "contentAlign": "center",
                      "imageBorder": false,
                      "imageCircle": true,
                      "members": Array [],
                      "showBorder": true,
                      "showImage": true,
                      "showJob": true,
                      "showName": true,
                      "showSummary": true,
                      "socialGray": false,
                      "socials": Array [],
                    }
                  }
                />,
              },
              "firstCapturedEffect": null,
              "firstCapturedUpdate": null,
              "firstEffect": null,
              "firstUpdate": null,
              "lastCapturedEffect": null,
              "lastCapturedUpdate": null,
              "lastEffect": null,
              "lastUpdate": null,
            },
          },
          "sibling": null,
          "stateNode": WrapperComponent {
            "_reactInternalFiber": [Circular],
            "context": Object {},
            "props": Object {
              "Component": [Function],
              "context": null,
              "props": Object {
                "contentAlign": "center",
                "imageBorder": false,
                "imageCircle": true,
                "members": Array [],
                "showBorder": true,
                "showImage": true,
                "showJob": true,
                "showName": true,
                "showSummary": true,
                "socialGray": false,
                "socials": Array [],
              },
            },
            "refs": Object {},
            "state": Object {
              "context": null,
              "mount": true,
              "props": Object {
                "contentAlign": "center",
                "imageBorder": false,
                "imageCircle": true,
                "members": Array [],
                "showBorder": true,
                "showImage": true,
                "showJob": true,
                "showName": true,
                "showSummary": true,
                "socialGray": false,
                "socials": Array [],
              },
            },
            "updater": Object {
              "enqueueForceUpdate": [Function],
              "enqueueReplaceState": [Function],
              "enqueueSetState": [Function],
              "isMounted": [Function],
            },
          },
          "tag": 2,
          "type": [Function],
          "updateQueue": null,
        },
        "sibling": null,
        "stateNode": [Circular],
        "tag": 2,
        "type": [Function],
        "updateQueue": null,
      },
      "context": Object {},
      "props": Object {
        "contentAlign": "center",
        "imageBorder": false,
        "imageCircle": true,
        "members": Array [],
        "showBorder": true,
        "showImage": true,
        "showJob": true,
        "showName": true,
        "showSummary": true,
        "socialGray": false,
        "socials": Array [],
      },
      "refs": Object {},
      "state": null,
      "updater": Object {
        "enqueueForceUpdate": [Function],
        "enqueueReplaceState": [Function],
        "enqueueSetState": [Function],
        "isMounted": [Function],
      },
    },
    "key": undefined,
    "nodeType": "class",
    "props": Object {
      "contentAlign": "center",
      "imageBorder": false,
      "imageCircle": true,
      "members": Array [],
      "showBorder": true,
      "showImage": true,
      "showJob": true,
      "showName": true,
      "showSummary": true,
      "socialGray": false,
      "socials": Array [],
    },
    "ref": null,
    "rendered": Object {
      "instance": <div
        class="Team row"
      />,
      "key": undefined,
      "nodeType": "host",
      "props": Object {
        "children": Array [],
        "className": "Team row",
      },
      "ref": null,
      "rendered": Array [
        Array [],
      ],
      "type": "div",
    },
    "type": [Function],
  },
  Symbol(enzyme.__nodes__): Array [
    Object {
      "instance": Team {
        "_reactInternalFiber": Se {
          "alternate": null,
          "child": Se {
            "alternate": null,
            "child": null,
            "childExpirationTime": 0,
            "effectTag": 0,
            "expirationTime": 0,
            "firstContextDependency": null,
            "firstEffect": null,
            "index": 0,
            "key": null,
            "lastEffect": null,
            "memoizedProps": Object {
              "children": Array [],
              "className": "Team row",
            },
            "memoizedState": null,
            "mode": 0,
            "nextEffect": null,
            "pendingProps": Object {
              "children": Array [],
              "className": "Team row",
            },
            "ref": null,
            "return": [Circular],
            "sibling": null,
            "stateNode": <div
              class="Team row"
            />,
            "tag": 7,
            "type": "div",
            "updateQueue": null,
          },
          "childExpirationTime": 0,
          "effectTag": 1,
          "expirationTime": 0,
          "firstContextDependency": null,
          "firstEffect": null,
          "index": 0,
          "key": null,
          "lastEffect": null,
          "memoizedProps": Object {
            "contentAlign": "center",
            "imageBorder": false,
            "imageCircle": true,
            "members": Array [],
            "showBorder": true,
            "showImage": true,
            "showJob": true,
            "showName": true,
            "showSummary": true,
            "socialGray": false,
            "socials": Array [],
          },
          "memoizedState": null,
          "mode": 0,
          "nextEffect": null,
          "pendingProps": Object {
            "contentAlign": "center",
            "imageBorder": false,
            "imageCircle": true,
            "members": Array [],
            "showBorder": true,
            "showImage": true,
            "showJob": true,
            "showName": true,
            "showSummary": true,
            "socialGray": false,
            "socials": Array [],
          },
          "ref": null,
          "return": Se {
            "alternate": null,
            "child": [Circular],
            "childExpirationTime": 0,
            "effectTag": 1,
            "expirationTime": 0,
            "firstContextDependency": null,
            "firstEffect": null,
            "index": 0,
            "key": null,
            "lastEffect": null,
            "memoizedProps": Object {
              "Component": [Function],
              "context": null,
              "props": Object {
                "contentAlign": "center",
                "imageBorder": false,
                "imageCircle": true,
                "members": Array [],
                "showBorder": true,
                "showImage": true,
                "showJob": true,
                "showName": true,
                "showSummary": true,
                "socialGray": false,
                "socials": Array [],
              },
            },
            "memoizedState": Object {
              "context": null,
              "mount": true,
              "props": Object {
                "contentAlign": "center",
                "imageBorder": false,
                "imageCircle": true,
                "members": Array [],
                "showBorder": true,
                "showImage": true,
                "showJob": true,
                "showName": true,
                "showSummary": true,
                "socialGray": false,
                "socials": Array [],
              },
            },
            "mode": 0,
            "nextEffect": null,
            "pendingProps": Object {
              "Component": [Function],
              "context": null,
              "props": Object {
                "contentAlign": "center",
                "imageBorder": false,
                "imageCircle": true,
                "members": Array [],
                "showBorder": true,
                "showImage": true,
                "showJob": true,
                "showName": true,
                "showSummary": true,
                "socialGray": false,
                "socials": Array [],
              },
            },
            "ref": null,
            "return": Se {
              "alternate": Se {
                "alternate": [Circular],
                "child": null,
                "childExpirationTime": 0,
                "effectTag": 0,
                "expirationTime": 1,
                "firstContextDependency": null,
                "firstEffect": null,
                "index": 0,
                "key": null,
                "lastEffect": null,
                "memoizedProps": null,
                "memoizedState": null,
                "mode": 0,
                "nextEffect": null,
                "pendingProps": null,
                "ref": null,
                "return": null,
                "sibling": null,
                "stateNode": Object {
                  "containerInfo": <div>
                    <div
                      class="Team row"
                    />
                  </div>,
                  "context": Object {},
                  "current": [Circular],
                  "didError": false,
                  "earliestPendingTime": 0,
                  "earliestSuspendedTime": 0,
                  "expirationTime": 0,
                  "finishedWork": null,
                  "firstBatch": null,
                  "hydrate": false,
                  "latestPendingTime": 0,
                  "latestPingedTime": 0,
                  "latestSuspendedTime": 0,
                  "nextExpirationTimeToWorkOn": 0,
                  "nextScheduledRoot": null,
                  "pendingChildren": null,
                  "pendingCommitExpirationTime": 0,
                  "pendingContext": null,
                  "timeoutHandle": -1,
                },
                "tag": 5,
                "type": null,
                "updateQueue": Object {
                  "baseState": null,
                  "firstCapturedEffect": null,
                  "firstCapturedUpdate": null,
                  "firstEffect": null,
                  "firstUpdate": Object {
                    "callback": null,
                    "expirationTime": 1,
                    "next": null,
                    "nextEffect": null,
                    "payload": Object {
                      "element": <WrapperComponent
                        Component={[Function]}
                        context={null}
                        props={
                          Object {
                            "contentAlign": "center",
                            "imageBorder": false,
                            "imageCircle": true,
                            "members": Array [],
                            "showBorder": true,
                            "showImage": true,
                            "showJob": true,
                            "showName": true,
                            "showSummary": true,
                            "socialGray": false,
                            "socials": Array [],
                          }
                        }
                      />,
                    },
                    "tag": 0,
                  },
                  "lastCapturedEffect": null,
                  "lastCapturedUpdate": null,
                  "lastEffect": null,
                  "lastUpdate": Object {
                    "callback": null,
                    "expirationTime": 1,
                    "next": null,
                    "nextEffect": null,
                    "payload": Object {
                      "element": <WrapperComponent
                        Component={[Function]}
                        context={null}
                        props={
                          Object {
                            "contentAlign": "center",
                            "imageBorder": false,
                            "imageCircle": true,
                            "members": Array [],
                            "showBorder": true,
                            "showImage": true,
                            "showJob": true,
                            "showName": true,
                            "showSummary": true,
                            "socialGray": false,
                            "socials": Array [],
                          }
                        }
                      />,
                    },
                    "tag": 0,
                  },
                },
              },
              "child": [Circular],
              "childExpirationTime": 0,
              "effectTag": 32,
              "expirationTime": 0,
              "firstContextDependency": null,
              "firstEffect": [Circular],
              "index": 0,
              "key": null,
              "lastEffect": [Circular],
              "memoizedProps": null,
              "memoizedState": Object {
                "element": <WrapperComponent
                  Component={[Function]}
                  context={null}
                  props={
                    Object {
                      "contentAlign": "center",
                      "imageBorder": false,
                      "imageCircle": true,
                      "members": Array [],
                      "showBorder": true,
                      "showImage": true,
                      "showJob": true,
                      "showName": true,
                      "showSummary": true,
                      "socialGray": false,
                      "socials": Array [],
                    }
                  }
                />,
              },
              "mode": 0,
              "nextEffect": null,
              "pendingProps": null,
              "ref": null,
              "return": null,
              "sibling": null,
              "stateNode": Object {
                "containerInfo": <div>
                  <div
                    class="Team row"
                  />
                </div>,
                "context": Object {},
                "current": [Circular],
                "didError": false,
                "earliestPendingTime": 0,
                "earliestSuspendedTime": 0,
                "expirationTime": 0,
                "finishedWork": null,
                "firstBatch": null,
                "hydrate": false,
                "latestPendingTime": 0,
                "latestPingedTime": 0,
                "latestSuspendedTime": 0,
                "nextExpirationTimeToWorkOn": 0,
                "nextScheduledRoot": null,
                "pendingChildren": null,
                "pendingCommitExpirationTime": 0,
                "pendingContext": null,
                "timeoutHandle": -1,
              },
              "tag": 5,
              "type": null,
              "updateQueue": Object {
                "baseState": Object {
                  "element": <WrapperComponent
                    Component={[Function]}
                    context={null}
                    props={
                      Object {
                        "contentAlign": "center",
                        "imageBorder": false,
                        "imageCircle": true,
                        "members": Array [],
                        "showBorder": true,
                        "showImage": true,
                        "showJob": true,
                        "showName": true,
                        "showSummary": true,
                        "socialGray": false,
                        "socials": Array [],
                      }
                    }
                  />,
                },
                "firstCapturedEffect": null,
                "firstCapturedUpdate": null,
                "firstEffect": null,
                "firstUpdate": null,
                "lastCapturedEffect": null,
                "lastCapturedUpdate": null,
                "lastEffect": null,
                "lastUpdate": null,
              },
            },
            "sibling": null,
            "stateNode": WrapperComponent {
              "_reactInternalFiber": [Circular],
              "context": Object {},
              "props": Object {
                "Component": [Function],
                "context": null,
                "props": Object {
                  "contentAlign": "center",
                  "imageBorder": false,
                  "imageCircle": true,
                  "members": Array [],
                  "showBorder": true,
                  "showImage": true,
                  "showJob": true,
                  "showName": true,
                  "showSummary": true,
                  "socialGray": false,
                  "socials": Array [],
                },
              },
              "refs": Object {},
              "state": Object {
                "context": null,
                "mount": true,
                "props": Object {
                  "contentAlign": "center",
                  "imageBorder": false,
                  "imageCircle": true,
                  "members": Array [],
                  "showBorder": true,
                  "showImage": true,
                  "showJob": true,
                  "showName": true,
                  "showSummary": true,
                  "socialGray": false,
                  "socials": Array [],
                },
              },
              "updater": Object {
                "enqueueForceUpdate": [Function],
                "enqueueReplaceState": [Function],
                "enqueueSetState": [Function],
                "isMounted": [Function],
              },
            },
            "tag": 2,
            "type": [Function],
            "updateQueue": null,
          },
          "sibling": null,
          "stateNode": [Circular],
          "tag": 2,
          "type": [Function],
          "updateQueue": null,
        },
        "context": Object {},
        "props": Object {
          "contentAlign": "center",
          "imageBorder": false,
          "imageCircle": true,
          "members": Array [],
          "showBorder": true,
          "showImage": true,
          "showJob": true,
          "showName": true,
          "showSummary": true,
          "socialGray": false,
          "socials": Array [],
        },
        "refs": Object {},
        "state": null,
        "updater": Object {
          "enqueueForceUpdate": [Function],
          "enqueueReplaceState": [Function],
          "enqueueSetState": [Function],
          "isMounted": [Function],
        },
      },
      "key": undefined,
      "nodeType": "class",
      "props": Object {
        "contentAlign": "center",
        "imageBorder": false,
        "imageCircle": true,
        "members": Array [],
        "showBorder": true,
        "showImage": true,
        "showJob": true,
        "showName": true,
        "showSummary": true,
        "socialGray": false,
        "socials": Array [],
      },
      "ref": null,
      "rendered": Object {
        "instance": <div
          class="Team row"
        />,
        "key": undefined,
        "nodeType": "host",
        "props": Object {
          "children": Array [],
          "className": "Team row",
        },
        "ref": null,
        "rendered": Array [
          Array [],
        ],
        "type": "div",
      },
      "type": [Function],
    },
  ],
  Symbol(enzyme.__options__): Object {
    "adapter": ReactSixteenAdapter {
      "options": Object {
        "enableComponentDidUpdateOnSetState": true,
        "lifecycles": Object {
          "componentDidUpdate": Object {
            "onSetState": true,
          },
          "getDerivedStateFromProps": true,
          "getSnapshotBeforeUpdate": true,
          "setState": Object {
            "skipsComponentDidUpdateOnNullish": true,
          },
        },
      },
    },
    "attachTo": undefined,
    "hydrateIn": undefined,
  },
}
`;
