// Jest Snapshot v1, https://goo.gl/fbAQLP

exports[`Footer footer should render 1`] = `
ReactWrapper {
  "length": 1,
  Symbol(enzyme.__unrendered__): <footer />,
  Symbol(enzyme.__renderer__): Object {
    "batchedUpdates": [Function],
    "getNode": [Function],
    "render": [Function],
    "simulateEvent": [Function],
    "unmount": [Function],
  },
  Symbol(enzyme.__root__): [Circular],
  Symbol(enzyme.__node__): Object {
    "instance": <footer />,
    "key": undefined,
    "nodeType": "host",
    "props": Object {},
    "ref": null,
    "rendered": Array [
      undefined,
    ],
    "type": "footer",
  },
  Symbol(enzyme.__nodes__): Array [
    Object {
      "instance": <footer />,
      "key": undefined,
      "nodeType": "host",
      "props": Object {},
      "ref": null,
      "rendered": Array [
        undefined,
      ],
      "type": "footer",
    },
  ],
  Symbol(enzyme.__options__): Object {
    "adapter": ReactSixteenAdapter {
      "options": Object {
        "enableComponentDidUpdateOnSetState": true,
      },
    },
  },
}
`;
