// Jest Snapshot v1, https://goo.gl/fbAQLP

exports[`Code Code should render 1`] = `
ShallowWrapper {
  Symbol(enzyme.__root__): [Circular],
  Symbol(enzyme.__unrendered__): <Code
    bgColorDark={false}
    code="const component = {
	name: \\"react-code\\",
	author: \\"front10-devs\\",
	repo: \\"https://gitlab.com/front10-devs/landing-page-book\\"
};"
    codeLink=""
    collapsed={false}
    collapsible={false}
    languageCode="javascript"
    lineNumbers={true}
    readOnly={false}
    showCopyButton={true}
    showDeleteButton={true}
    showfooter={true}
    showheader={true}
    theme="idea"
    updateCode={[Function]}
  />,
  Symbol(enzyme.__renderer__): Object {
    "batchedUpdates": [Function],
    "getNode": [Function],
    "render": [Function],
    "simulateError": [Function],
    "simulateEvent": [Function],
    "unmount": [Function],
  },
  Symbol(enzyme.__node__): Object {
    "instance": null,
    "key": undefined,
    "nodeType": "host",
    "props": Object {
      "children": Array [
        null,
        <UNDEFINED>
          <Navbar
            brandLink=""
            brandLogo=""
            brandName=""
            className="CodeMirror__header"
            expand=""
            fixed={false}
            leftItems={Array []}
            onItemClick={[Function]}
            rightItems={Array []}
            transparent={false}
          >
            <NavbarNav
              alignItems="right"
            >
              
              <CopyToClipboard
                onCopy={[Function]}
                options={undefined}
                text="const component = {
	name: \\"react-code\\",
	author: \\"front10-devs\\",
	repo: \\"https://gitlab.com/front10-devs/landing-page-book\\"
};"
              >
                <Button
                  active={false}
                  ariaLabel=""
                  circle={false}
                  className="btn  CodeMirror_btn"
                  color="default"
                  disabled={false}
                  loading={false}
                  loadingClass="fa fa-circle-o-notch fa-spin"
                  onClick={[Function]}
                  outline={false}
                  rounded={true}
                  size=""
                  style={Object {}}
                  tooltip="Copy"
                  type="button"
                >
                  <Icon
                    className=""
                    icon="fa fa-clone"
                    onClick={[Function]}
                    role="link"
                    style={Object {}}
                    title=""
                  />
                </Button>
              </CopyToClipboard>
              <Button
                active={false}
                ariaLabel=""
                circle={false}
                className="btn  CodeMirror_btn"
                color="default"
                disabled={false}
                loading={false}
                loadingClass="fa fa-circle-o-notch fa-spin"
                onClick={[Function]}
                outline={false}
                rounded={true}
                size=""
                style={Object {}}
                tooltip="Clear"
                type="button"
              >
                <Icon
                  className=""
                  icon="fa fa-trash-o"
                  onClick={[Function]}
                  style={Object {}}
                  title=""
                />
              </Button>
            </NavbarNav>
          </Navbar>
          <Unknown
            autoFocus={true}
            onChange={[Function]}
            options={
              Object {
                "lineNumbers": true,
                "mode": "javascript",
                "readOnly": false,
                "theme": "idea",
              }
            }
            preserveScrollPosition={false}
            value="const component = {
	name: \\"react-code\\",
	author: \\"front10-devs\\",
	repo: \\"https://gitlab.com/front10-devs/landing-page-book\\"
};"
          />
        </UNDEFINED>,
        false,
      ],
      "className": "CodeMirror__Container",
    },
    "ref": null,
    "rendered": Array [
      null,
      Object {
        "instance": null,
        "key": undefined,
        "nodeType": "function",
        "props": Object {
          "children": Array [
            <Navbar
              brandLink=""
              brandLogo=""
              brandName=""
              className="CodeMirror__header"
              expand=""
              fixed={false}
              leftItems={Array []}
              onItemClick={[Function]}
              rightItems={Array []}
              transparent={false}
            >
              <NavbarNav
                alignItems="right"
              >
                
                <CopyToClipboard
                  onCopy={[Function]}
                  options={undefined}
                  text="const component = {
	name: \\"react-code\\",
	author: \\"front10-devs\\",
	repo: \\"https://gitlab.com/front10-devs/landing-page-book\\"
};"
                >
                  <Button
                    active={false}
                    ariaLabel=""
                    circle={false}
                    className="btn  CodeMirror_btn"
                    color="default"
                    disabled={false}
                    loading={false}
                    loadingClass="fa fa-circle-o-notch fa-spin"
                    onClick={[Function]}
                    outline={false}
                    rounded={true}
                    size=""
                    style={Object {}}
                    tooltip="Copy"
                    type="button"
                  >
                    <Icon
                      className=""
                      icon="fa fa-clone"
                      onClick={[Function]}
                      role="link"
                      style={Object {}}
                      title=""
                    />
                  </Button>
                </CopyToClipboard>
                <Button
                  active={false}
                  ariaLabel=""
                  circle={false}
                  className="btn  CodeMirror_btn"
                  color="default"
                  disabled={false}
                  loading={false}
                  loadingClass="fa fa-circle-o-notch fa-spin"
                  onClick={[Function]}
                  outline={false}
                  rounded={true}
                  size=""
                  style={Object {}}
                  tooltip="Clear"
                  type="button"
                >
                  <Icon
                    className=""
                    icon="fa fa-trash-o"
                    onClick={[Function]}
                    style={Object {}}
                    title=""
                  />
                </Button>
              </NavbarNav>
            </Navbar>,
            <Unknown
              autoFocus={true}
              onChange={[Function]}
              options={
                Object {
                  "lineNumbers": true,
                  "mode": "javascript",
                  "readOnly": false,
                  "theme": "idea",
                }
              }
              preserveScrollPosition={false}
              value="const component = {
	name: \\"react-code\\",
	author: \\"front10-devs\\",
	repo: \\"https://gitlab.com/front10-devs/landing-page-book\\"
};"
            />,
          ],
        },
        "ref": null,
        "rendered": Array [
          Object {
            "instance": null,
            "key": undefined,
            "nodeType": "class",
            "props": Object {
              "brandLink": "",
              "brandLogo": "",
              "brandName": "",
              "children": <NavbarNav
                alignItems="right"
              >
                
                <CopyToClipboard
                  onCopy={[Function]}
                  options={undefined}
                  text="const component = {
	name: \\"react-code\\",
	author: \\"front10-devs\\",
	repo: \\"https://gitlab.com/front10-devs/landing-page-book\\"
};"
                >
                  <Button
                    active={false}
                    ariaLabel=""
                    circle={false}
                    className="btn  CodeMirror_btn"
                    color="default"
                    disabled={false}
                    loading={false}
                    loadingClass="fa fa-circle-o-notch fa-spin"
                    onClick={[Function]}
                    outline={false}
                    rounded={true}
                    size=""
                    style={Object {}}
                    tooltip="Copy"
                    type="button"
                  >
                    <Icon
                      className=""
                      icon="fa fa-clone"
                      onClick={[Function]}
                      role="link"
                      style={Object {}}
                      title=""
                    />
                  </Button>
                </CopyToClipboard>
                <Button
                  active={false}
                  ariaLabel=""
                  circle={false}
                  className="btn  CodeMirror_btn"
                  color="default"
                  disabled={false}
                  loading={false}
                  loadingClass="fa fa-circle-o-notch fa-spin"
                  onClick={[Function]}
                  outline={false}
                  rounded={true}
                  size=""
                  style={Object {}}
                  tooltip="Clear"
                  type="button"
                >
                  <Icon
                    className=""
                    icon="fa fa-trash-o"
                    onClick={[Function]}
                    style={Object {}}
                    title=""
                  />
                </Button>
              </NavbarNav>,
              "className": "CodeMirror__header",
              "expand": "",
              "fixed": false,
              "leftItems": Array [],
              "onItemClick": [Function],
              "rightItems": Array [],
              "transparent": false,
            },
            "ref": null,
            "rendered": Object {
              "instance": null,
              "key": undefined,
              "nodeType": "class",
              "props": Object {
                "alignItems": "right",
                "children": Array [
                  "",
                  <CopyToClipboard
                    onCopy={[Function]}
                    options={undefined}
                    text="const component = {
	name: \\"react-code\\",
	author: \\"front10-devs\\",
	repo: \\"https://gitlab.com/front10-devs/landing-page-book\\"
};"
                  >
                    <Button
                      active={false}
                      ariaLabel=""
                      circle={false}
                      className="btn  CodeMirror_btn"
                      color="default"
                      disabled={false}
                      loading={false}
                      loadingClass="fa fa-circle-o-notch fa-spin"
                      onClick={[Function]}
                      outline={false}
                      rounded={true}
                      size=""
                      style={Object {}}
                      tooltip="Copy"
                      type="button"
                    >
                      <Icon
                        className=""
                        icon="fa fa-clone"
                        onClick={[Function]}
                        role="link"
                        style={Object {}}
                        title=""
                      />
                    </Button>
                  </CopyToClipboard>,
                  <Button
                    active={false}
                    ariaLabel=""
                    circle={false}
                    className="btn  CodeMirror_btn"
                    color="default"
                    disabled={false}
                    loading={false}
                    loadingClass="fa fa-circle-o-notch fa-spin"
                    onClick={[Function]}
                    outline={false}
                    rounded={true}
                    size=""
                    style={Object {}}
                    tooltip="Clear"
                    type="button"
                  >
                    <Icon
                      className=""
                      icon="fa fa-trash-o"
                      onClick={[Function]}
                      style={Object {}}
                      title=""
                    />
                  </Button>,
                ],
              },
              "ref": null,
              "rendered": Array [
                "",
                Object {
                  "instance": null,
                  "key": undefined,
                  "nodeType": "class",
                  "props": Object {
                    "children": <Button
                      active={false}
                      ariaLabel=""
                      circle={false}
                      className="btn  CodeMirror_btn"
                      color="default"
                      disabled={false}
                      loading={false}
                      loadingClass="fa fa-circle-o-notch fa-spin"
                      onClick={[Function]}
                      outline={false}
                      rounded={true}
                      size=""
                      style={Object {}}
                      tooltip="Copy"
                      type="button"
                    >
                      <Icon
                        className=""
                        icon="fa fa-clone"
                        onClick={[Function]}
                        role="link"
                        style={Object {}}
                        title=""
                      />
                    </Button>,
                    "onCopy": [Function],
                    "options": undefined,
                    "text": "const component = {
	name: \\"react-code\\",
	author: \\"front10-devs\\",
	repo: \\"https://gitlab.com/front10-devs/landing-page-book\\"
};",
                  },
                  "ref": null,
                  "rendered": Object {
                    "instance": null,
                    "key": undefined,
                    "nodeType": "class",
                    "props": Object {
                      "active": false,
                      "ariaLabel": "",
                      "children": <Icon
                        className=""
                        icon="fa fa-clone"
                        onClick={[Function]}
                        role="link"
                        style={Object {}}
                        title=""
                      />,
                      "circle": false,
                      "className": "btn  CodeMirror_btn",
                      "color": "default",
                      "disabled": false,
                      "loading": false,
                      "loadingClass": "fa fa-circle-o-notch fa-spin",
                      "onClick": [Function],
                      "outline": false,
                      "rounded": true,
                      "size": "",
                      "style": Object {},
                      "tooltip": "Copy",
                      "type": "button",
                    },
                    "ref": null,
                    "rendered": Object {
                      "instance": null,
                      "key": undefined,
                      "nodeType": "class",
                      "props": Object {
                        "className": "",
                        "icon": "fa fa-clone",
                        "onClick": [Function],
                        "role": "link",
                        "style": Object {},
                        "title": "",
                      },
                      "ref": null,
                      "rendered": null,
                      "type": [Function],
                    },
                    "type": [Function],
                  },
                  "type": [Function],
                },
                Object {
                  "instance": null,
                  "key": undefined,
                  "nodeType": "class",
                  "props": Object {
                    "active": false,
                    "ariaLabel": "",
                    "children": <Icon
                      className=""
                      icon="fa fa-trash-o"
                      onClick={[Function]}
                      style={Object {}}
                      title=""
                    />,
                    "circle": false,
                    "className": "btn  CodeMirror_btn",
                    "color": "default",
                    "disabled": false,
                    "loading": false,
                    "loadingClass": "fa fa-circle-o-notch fa-spin",
                    "onClick": [Function],
                    "outline": false,
                    "rounded": true,
                    "size": "",
                    "style": Object {},
                    "tooltip": "Clear",
                    "type": "button",
                  },
                  "ref": null,
                  "rendered": Object {
                    "instance": null,
                    "key": undefined,
                    "nodeType": "class",
                    "props": Object {
                      "className": "",
                      "icon": "fa fa-trash-o",
                      "onClick": [Function],
                      "style": Object {},
                      "title": "",
                    },
                    "ref": null,
                    "rendered": null,
                    "type": [Function],
                  },
                  "type": [Function],
                },
              ],
              "type": [Function],
            },
            "type": [Function],
          },
          Object {
            "instance": null,
            "key": undefined,
            "nodeType": "class",
            "props": Object {
              "autoFocus": true,
              "onChange": [Function],
              "options": Object {
                "lineNumbers": true,
                "mode": "javascript",
                "readOnly": false,
                "theme": "idea",
              },
              "preserveScrollPosition": false,
              "value": "const component = {
	name: \\"react-code\\",
	author: \\"front10-devs\\",
	repo: \\"https://gitlab.com/front10-devs/landing-page-book\\"
};",
            },
            "ref": "editor",
            "rendered": null,
            "type": [Function],
          },
        ],
        "type": Symbol(react.fragment),
      },
      false,
    ],
    "type": "div",
  },
  Symbol(enzyme.__nodes__): Array [
    Object {
      "instance": null,
      "key": undefined,
      "nodeType": "host",
      "props": Object {
        "children": Array [
          null,
          <UNDEFINED>
            <Navbar
              brandLink=""
              brandLogo=""
              brandName=""
              className="CodeMirror__header"
              expand=""
              fixed={false}
              leftItems={Array []}
              onItemClick={[Function]}
              rightItems={Array []}
              transparent={false}
            >
              <NavbarNav
                alignItems="right"
              >
                
                <CopyToClipboard
                  onCopy={[Function]}
                  options={undefined}
                  text="const component = {
	name: \\"react-code\\",
	author: \\"front10-devs\\",
	repo: \\"https://gitlab.com/front10-devs/landing-page-book\\"
};"
                >
                  <Button
                    active={false}
                    ariaLabel=""
                    circle={false}
                    className="btn  CodeMirror_btn"
                    color="default"
                    disabled={false}
                    loading={false}
                    loadingClass="fa fa-circle-o-notch fa-spin"
                    onClick={[Function]}
                    outline={false}
                    rounded={true}
                    size=""
                    style={Object {}}
                    tooltip="Copy"
                    type="button"
                  >
                    <Icon
                      className=""
                      icon="fa fa-clone"
                      onClick={[Function]}
                      role="link"
                      style={Object {}}
                      title=""
                    />
                  </Button>
                </CopyToClipboard>
                <Button
                  active={false}
                  ariaLabel=""
                  circle={false}
                  className="btn  CodeMirror_btn"
                  color="default"
                  disabled={false}
                  loading={false}
                  loadingClass="fa fa-circle-o-notch fa-spin"
                  onClick={[Function]}
                  outline={false}
                  rounded={true}
                  size=""
                  style={Object {}}
                  tooltip="Clear"
                  type="button"
                >
                  <Icon
                    className=""
                    icon="fa fa-trash-o"
                    onClick={[Function]}
                    style={Object {}}
                    title=""
                  />
                </Button>
              </NavbarNav>
            </Navbar>
            <Unknown
              autoFocus={true}
              onChange={[Function]}
              options={
                Object {
                  "lineNumbers": true,
                  "mode": "javascript",
                  "readOnly": false,
                  "theme": "idea",
                }
              }
              preserveScrollPosition={false}
              value="const component = {
	name: \\"react-code\\",
	author: \\"front10-devs\\",
	repo: \\"https://gitlab.com/front10-devs/landing-page-book\\"
};"
            />
          </UNDEFINED>,
          false,
        ],
        "className": "CodeMirror__Container",
      },
      "ref": null,
      "rendered": Array [
        null,
        Object {
          "instance": null,
          "key": undefined,
          "nodeType": "function",
          "props": Object {
            "children": Array [
              <Navbar
                brandLink=""
                brandLogo=""
                brandName=""
                className="CodeMirror__header"
                expand=""
                fixed={false}
                leftItems={Array []}
                onItemClick={[Function]}
                rightItems={Array []}
                transparent={false}
              >
                <NavbarNav
                  alignItems="right"
                >
                  
                  <CopyToClipboard
                    onCopy={[Function]}
                    options={undefined}
                    text="const component = {
	name: \\"react-code\\",
	author: \\"front10-devs\\",
	repo: \\"https://gitlab.com/front10-devs/landing-page-book\\"
};"
                  >
                    <Button
                      active={false}
                      ariaLabel=""
                      circle={false}
                      className="btn  CodeMirror_btn"
                      color="default"
                      disabled={false}
                      loading={false}
                      loadingClass="fa fa-circle-o-notch fa-spin"
                      onClick={[Function]}
                      outline={false}
                      rounded={true}
                      size=""
                      style={Object {}}
                      tooltip="Copy"
                      type="button"
                    >
                      <Icon
                        className=""
                        icon="fa fa-clone"
                        onClick={[Function]}
                        role="link"
                        style={Object {}}
                        title=""
                      />
                    </Button>
                  </CopyToClipboard>
                  <Button
                    active={false}
                    ariaLabel=""
                    circle={false}
                    className="btn  CodeMirror_btn"
                    color="default"
                    disabled={false}
                    loading={false}
                    loadingClass="fa fa-circle-o-notch fa-spin"
                    onClick={[Function]}
                    outline={false}
                    rounded={true}
                    size=""
                    style={Object {}}
                    tooltip="Clear"
                    type="button"
                  >
                    <Icon
                      className=""
                      icon="fa fa-trash-o"
                      onClick={[Function]}
                      style={Object {}}
                      title=""
                    />
                  </Button>
                </NavbarNav>
              </Navbar>,
              <Unknown
                autoFocus={true}
                onChange={[Function]}
                options={
                  Object {
                    "lineNumbers": true,
                    "mode": "javascript",
                    "readOnly": false,
                    "theme": "idea",
                  }
                }
                preserveScrollPosition={false}
                value="const component = {
	name: \\"react-code\\",
	author: \\"front10-devs\\",
	repo: \\"https://gitlab.com/front10-devs/landing-page-book\\"
};"
              />,
            ],
          },
          "ref": null,
          "rendered": Array [
            Object {
              "instance": null,
              "key": undefined,
              "nodeType": "class",
              "props": Object {
                "brandLink": "",
                "brandLogo": "",
                "brandName": "",
                "children": <NavbarNav
                  alignItems="right"
                >
                  
                  <CopyToClipboard
                    onCopy={[Function]}
                    options={undefined}
                    text="const component = {
	name: \\"react-code\\",
	author: \\"front10-devs\\",
	repo: \\"https://gitlab.com/front10-devs/landing-page-book\\"
};"
                  >
                    <Button
                      active={false}
                      ariaLabel=""
                      circle={false}
                      className="btn  CodeMirror_btn"
                      color="default"
                      disabled={false}
                      loading={false}
                      loadingClass="fa fa-circle-o-notch fa-spin"
                      onClick={[Function]}
                      outline={false}
                      rounded={true}
                      size=""
                      style={Object {}}
                      tooltip="Copy"
                      type="button"
                    >
                      <Icon
                        className=""
                        icon="fa fa-clone"
                        onClick={[Function]}
                        role="link"
                        style={Object {}}
                        title=""
                      />
                    </Button>
                  </CopyToClipboard>
                  <Button
                    active={false}
                    ariaLabel=""
                    circle={false}
                    className="btn  CodeMirror_btn"
                    color="default"
                    disabled={false}
                    loading={false}
                    loadingClass="fa fa-circle-o-notch fa-spin"
                    onClick={[Function]}
                    outline={false}
                    rounded={true}
                    size=""
                    style={Object {}}
                    tooltip="Clear"
                    type="button"
                  >
                    <Icon
                      className=""
                      icon="fa fa-trash-o"
                      onClick={[Function]}
                      style={Object {}}
                      title=""
                    />
                  </Button>
                </NavbarNav>,
                "className": "CodeMirror__header",
                "expand": "",
                "fixed": false,
                "leftItems": Array [],
                "onItemClick": [Function],
                "rightItems": Array [],
                "transparent": false,
              },
              "ref": null,
              "rendered": Object {
                "instance": null,
                "key": undefined,
                "nodeType": "class",
                "props": Object {
                  "alignItems": "right",
                  "children": Array [
                    "",
                    <CopyToClipboard
                      onCopy={[Function]}
                      options={undefined}
                      text="const component = {
	name: \\"react-code\\",
	author: \\"front10-devs\\",
	repo: \\"https://gitlab.com/front10-devs/landing-page-book\\"
};"
                    >
                      <Button
                        active={false}
                        ariaLabel=""
                        circle={false}
                        className="btn  CodeMirror_btn"
                        color="default"
                        disabled={false}
                        loading={false}
                        loadingClass="fa fa-circle-o-notch fa-spin"
                        onClick={[Function]}
                        outline={false}
                        rounded={true}
                        size=""
                        style={Object {}}
                        tooltip="Copy"
                        type="button"
                      >
                        <Icon
                          className=""
                          icon="fa fa-clone"
                          onClick={[Function]}
                          role="link"
                          style={Object {}}
                          title=""
                        />
                      </Button>
                    </CopyToClipboard>,
                    <Button
                      active={false}
                      ariaLabel=""
                      circle={false}
                      className="btn  CodeMirror_btn"
                      color="default"
                      disabled={false}
                      loading={false}
                      loadingClass="fa fa-circle-o-notch fa-spin"
                      onClick={[Function]}
                      outline={false}
                      rounded={true}
                      size=""
                      style={Object {}}
                      tooltip="Clear"
                      type="button"
                    >
                      <Icon
                        className=""
                        icon="fa fa-trash-o"
                        onClick={[Function]}
                        style={Object {}}
                        title=""
                      />
                    </Button>,
                  ],
                },
                "ref": null,
                "rendered": Array [
                  "",
                  Object {
                    "instance": null,
                    "key": undefined,
                    "nodeType": "class",
                    "props": Object {
                      "children": <Button
                        active={false}
                        ariaLabel=""
                        circle={false}
                        className="btn  CodeMirror_btn"
                        color="default"
                        disabled={false}
                        loading={false}
                        loadingClass="fa fa-circle-o-notch fa-spin"
                        onClick={[Function]}
                        outline={false}
                        rounded={true}
                        size=""
                        style={Object {}}
                        tooltip="Copy"
                        type="button"
                      >
                        <Icon
                          className=""
                          icon="fa fa-clone"
                          onClick={[Function]}
                          role="link"
                          style={Object {}}
                          title=""
                        />
                      </Button>,
                      "onCopy": [Function],
                      "options": undefined,
                      "text": "const component = {
	name: \\"react-code\\",
	author: \\"front10-devs\\",
	repo: \\"https://gitlab.com/front10-devs/landing-page-book\\"
};",
                    },
                    "ref": null,
                    "rendered": Object {
                      "instance": null,
                      "key": undefined,
                      "nodeType": "class",
                      "props": Object {
                        "active": false,
                        "ariaLabel": "",
                        "children": <Icon
                          className=""
                          icon="fa fa-clone"
                          onClick={[Function]}
                          role="link"
                          style={Object {}}
                          title=""
                        />,
                        "circle": false,
                        "className": "btn  CodeMirror_btn",
                        "color": "default",
                        "disabled": false,
                        "loading": false,
                        "loadingClass": "fa fa-circle-o-notch fa-spin",
                        "onClick": [Function],
                        "outline": false,
                        "rounded": true,
                        "size": "",
                        "style": Object {},
                        "tooltip": "Copy",
                        "type": "button",
                      },
                      "ref": null,
                      "rendered": Object {
                        "instance": null,
                        "key": undefined,
                        "nodeType": "class",
                        "props": Object {
                          "className": "",
                          "icon": "fa fa-clone",
                          "onClick": [Function],
                          "role": "link",
                          "style": Object {},
                          "title": "",
                        },
                        "ref": null,
                        "rendered": null,
                        "type": [Function],
                      },
                      "type": [Function],
                    },
                    "type": [Function],
                  },
                  Object {
                    "instance": null,
                    "key": undefined,
                    "nodeType": "class",
                    "props": Object {
                      "active": false,
                      "ariaLabel": "",
                      "children": <Icon
                        className=""
                        icon="fa fa-trash-o"
                        onClick={[Function]}
                        style={Object {}}
                        title=""
                      />,
                      "circle": false,
                      "className": "btn  CodeMirror_btn",
                      "color": "default",
                      "disabled": false,
                      "loading": false,
                      "loadingClass": "fa fa-circle-o-notch fa-spin",
                      "onClick": [Function],
                      "outline": false,
                      "rounded": true,
                      "size": "",
                      "style": Object {},
                      "tooltip": "Clear",
                      "type": "button",
                    },
                    "ref": null,
                    "rendered": Object {
                      "instance": null,
                      "key": undefined,
                      "nodeType": "class",
                      "props": Object {
                        "className": "",
                        "icon": "fa fa-trash-o",
                        "onClick": [Function],
                        "style": Object {},
                        "title": "",
                      },
                      "ref": null,
                      "rendered": null,
                      "type": [Function],
                    },
                    "type": [Function],
                  },
                ],
                "type": [Function],
              },
              "type": [Function],
            },
            Object {
              "instance": null,
              "key": undefined,
              "nodeType": "class",
              "props": Object {
                "autoFocus": true,
                "onChange": [Function],
                "options": Object {
                  "lineNumbers": true,
                  "mode": "javascript",
                  "readOnly": false,
                  "theme": "idea",
                },
                "preserveScrollPosition": false,
                "value": "const component = {
	name: \\"react-code\\",
	author: \\"front10-devs\\",
	repo: \\"https://gitlab.com/front10-devs/landing-page-book\\"
};",
              },
              "ref": "editor",
              "rendered": null,
              "type": [Function],
            },
          ],
          "type": Symbol(react.fragment),
        },
        false,
      ],
      "type": "div",
    },
  ],
  Symbol(enzyme.__options__): Object {
    "adapter": ReactSixteenAdapter {
      "options": Object {
        "enableComponentDidUpdateOnSetState": true,
        "lifecycles": Object {
          "componentDidUpdate": Object {
            "onSetState": true,
          },
          "getDerivedStateFromProps": true,
          "getSnapshotBeforeUpdate": true,
          "setState": Object {
            "skipsComponentDidUpdateOnNullish": true,
          },
        },
      },
    },
  },
}
`;
