// Jest Snapshot v1, https://goo.gl/fbAQLP

exports[`BrowserSupport BrowserSupport should render 1`] = `
ReactWrapper {
  Symbol(enzyme.__unrendered__): <BrowserSupport
    browsers={Array []}
    items={
      Array [
        Object {
          "type": "firefox",
          "version": "> 56",
        },
      ]
    }
    showText={true}
  />,
  Symbol(enzyme.__renderer__): Object {
    "batchedUpdates": [Function],
    "getNode": [Function],
    "render": [Function],
    "simulateError": [Function],
    "simulateEvent": [Function],
    "unmount": [Function],
  },
  Symbol(enzyme.__root__): [Circular],
  Symbol(enzyme.__node__): Object {
    "instance": BrowserSupport {
      "_reactInternalFiber": Se {
        "alternate": null,
        "child": Se {
          "alternate": null,
          "child": Se {
            "alternate": null,
            "child": Se {
              "alternate": null,
              "child": null,
              "childExpirationTime": 0,
              "effectTag": 0,
              "expirationTime": 0,
              "firstContextDependency": null,
              "firstEffect": null,
              "index": 0,
              "key": null,
              "lastEffect": null,
              "memoizedProps": Object {
                "children": Array [],
              },
              "memoizedState": null,
              "mode": 0,
              "nextEffect": null,
              "pendingProps": Object {
                "children": Array [],
              },
              "ref": null,
              "return": [Circular],
              "sibling": null,
              "stateNode": <tr />,
              "tag": 7,
              "type": "tr",
              "updateQueue": null,
            },
            "childExpirationTime": 0,
            "effectTag": 0,
            "expirationTime": 0,
            "firstContextDependency": null,
            "firstEffect": null,
            "index": 0,
            "key": null,
            "lastEffect": null,
            "memoizedProps": Object {
              "children": <tr />,
            },
            "memoizedState": null,
            "mode": 0,
            "nextEffect": null,
            "pendingProps": Object {
              "children": <tr />,
            },
            "ref": null,
            "return": [Circular],
            "sibling": null,
            "stateNode": <tbody>
              <tr />
            </tbody>,
            "tag": 7,
            "type": "tbody",
            "updateQueue": null,
          },
          "childExpirationTime": 0,
          "effectTag": 0,
          "expirationTime": 0,
          "firstContextDependency": null,
          "firstEffect": null,
          "index": 0,
          "key": null,
          "lastEffect": null,
          "memoizedProps": Object {
            "children": <tbody>
              <tr />
            </tbody>,
            "className": "Browser",
          },
          "memoizedState": null,
          "mode": 0,
          "nextEffect": null,
          "pendingProps": Object {
            "children": <tbody>
              <tr />
            </tbody>,
            "className": "Browser",
          },
          "ref": null,
          "return": [Circular],
          "sibling": null,
          "stateNode": <table
            class="Browser"
          >
            <tbody>
              <tr />
            </tbody>
          </table>,
          "tag": 7,
          "type": "table",
          "updateQueue": null,
        },
        "childExpirationTime": 0,
        "effectTag": 1,
        "expirationTime": 0,
        "firstContextDependency": null,
        "firstEffect": null,
        "index": 0,
        "key": null,
        "lastEffect": null,
        "memoizedProps": Object {
          "browsers": Array [],
          "items": Array [
            Object {
              "type": "firefox",
              "version": "> 56",
            },
          ],
          "showText": true,
        },
        "memoizedState": null,
        "mode": 0,
        "nextEffect": null,
        "pendingProps": Object {
          "browsers": Array [],
          "items": Array [
            Object {
              "type": "firefox",
              "version": "> 56",
            },
          ],
          "showText": true,
        },
        "ref": null,
        "return": Se {
          "alternate": null,
          "child": [Circular],
          "childExpirationTime": 0,
          "effectTag": 1,
          "expirationTime": 0,
          "firstContextDependency": null,
          "firstEffect": null,
          "index": 0,
          "key": null,
          "lastEffect": null,
          "memoizedProps": Object {
            "Component": [Function],
            "context": null,
            "props": Object {
              "browsers": Array [],
              "items": Array [
                Object {
                  "type": "firefox",
                  "version": "> 56",
                },
              ],
              "showText": true,
            },
          },
          "memoizedState": Object {
            "context": null,
            "mount": true,
            "props": Object {
              "browsers": Array [],
              "items": Array [
                Object {
                  "type": "firefox",
                  "version": "> 56",
                },
              ],
              "showText": true,
            },
          },
          "mode": 0,
          "nextEffect": null,
          "pendingProps": Object {
            "Component": [Function],
            "context": null,
            "props": Object {
              "browsers": Array [],
              "items": Array [
                Object {
                  "type": "firefox",
                  "version": "> 56",
                },
              ],
              "showText": true,
            },
          },
          "ref": null,
          "return": Se {
            "alternate": Se {
              "alternate": [Circular],
              "child": null,
              "childExpirationTime": 0,
              "effectTag": 0,
              "expirationTime": 1,
              "firstContextDependency": null,
              "firstEffect": null,
              "index": 0,
              "key": null,
              "lastEffect": null,
              "memoizedProps": null,
              "memoizedState": null,
              "mode": 0,
              "nextEffect": null,
              "pendingProps": null,
              "ref": null,
              "return": null,
              "sibling": null,
              "stateNode": Object {
                "containerInfo": <div>
                  <table
                    class="Browser"
                  >
                    <tbody>
                      <tr />
                    </tbody>
                  </table>
                </div>,
                "context": Object {},
                "current": [Circular],
                "didError": false,
                "earliestPendingTime": 0,
                "earliestSuspendedTime": 0,
                "expirationTime": 0,
                "finishedWork": null,
                "firstBatch": null,
                "hydrate": false,
                "latestPendingTime": 0,
                "latestPingedTime": 0,
                "latestSuspendedTime": 0,
                "nextExpirationTimeToWorkOn": 0,
                "nextScheduledRoot": null,
                "pendingChildren": null,
                "pendingCommitExpirationTime": 0,
                "pendingContext": null,
                "timeoutHandle": -1,
              },
              "tag": 5,
              "type": null,
              "updateQueue": Object {
                "baseState": null,
                "firstCapturedEffect": null,
                "firstCapturedUpdate": null,
                "firstEffect": null,
                "firstUpdate": Object {
                  "callback": null,
                  "expirationTime": 1,
                  "next": null,
                  "nextEffect": null,
                  "payload": Object {
                    "element": <WrapperComponent
                      Component={[Function]}
                      context={null}
                      props={
                        Object {
                          "browsers": Array [],
                          "items": Array [
                            Object {
                              "type": "firefox",
                              "version": "> 56",
                            },
                          ],
                          "showText": true,
                        }
                      }
                    />,
                  },
                  "tag": 0,
                },
                "lastCapturedEffect": null,
                "lastCapturedUpdate": null,
                "lastEffect": null,
                "lastUpdate": Object {
                  "callback": null,
                  "expirationTime": 1,
                  "next": null,
                  "nextEffect": null,
                  "payload": Object {
                    "element": <WrapperComponent
                      Component={[Function]}
                      context={null}
                      props={
                        Object {
                          "browsers": Array [],
                          "items": Array [
                            Object {
                              "type": "firefox",
                              "version": "> 56",
                            },
                          ],
                          "showText": true,
                        }
                      }
                    />,
                  },
                  "tag": 0,
                },
              },
            },
            "child": [Circular],
            "childExpirationTime": 0,
            "effectTag": 32,
            "expirationTime": 0,
            "firstContextDependency": null,
            "firstEffect": [Circular],
            "index": 0,
            "key": null,
            "lastEffect": [Circular],
            "memoizedProps": null,
            "memoizedState": Object {
              "element": <WrapperComponent
                Component={[Function]}
                context={null}
                props={
                  Object {
                    "browsers": Array [],
                    "items": Array [
                      Object {
                        "type": "firefox",
                        "version": "> 56",
                      },
                    ],
                    "showText": true,
                  }
                }
              />,
            },
            "mode": 0,
            "nextEffect": null,
            "pendingProps": null,
            "ref": null,
            "return": null,
            "sibling": null,
            "stateNode": Object {
              "containerInfo": <div>
                <table
                  class="Browser"
                >
                  <tbody>
                    <tr />
                  </tbody>
                </table>
              </div>,
              "context": Object {},
              "current": [Circular],
              "didError": false,
              "earliestPendingTime": 0,
              "earliestSuspendedTime": 0,
              "expirationTime": 0,
              "finishedWork": null,
              "firstBatch": null,
              "hydrate": false,
              "latestPendingTime": 0,
              "latestPingedTime": 0,
              "latestSuspendedTime": 0,
              "nextExpirationTimeToWorkOn": 0,
              "nextScheduledRoot": null,
              "pendingChildren": null,
              "pendingCommitExpirationTime": 0,
              "pendingContext": null,
              "timeoutHandle": -1,
            },
            "tag": 5,
            "type": null,
            "updateQueue": Object {
              "baseState": Object {
                "element": <WrapperComponent
                  Component={[Function]}
                  context={null}
                  props={
                    Object {
                      "browsers": Array [],
                      "items": Array [
                        Object {
                          "type": "firefox",
                          "version": "> 56",
                        },
                      ],
                      "showText": true,
                    }
                  }
                />,
              },
              "firstCapturedEffect": null,
              "firstCapturedUpdate": null,
              "firstEffect": null,
              "firstUpdate": null,
              "lastCapturedEffect": null,
              "lastCapturedUpdate": null,
              "lastEffect": null,
              "lastUpdate": null,
            },
          },
          "sibling": null,
          "stateNode": WrapperComponent {
            "_reactInternalFiber": [Circular],
            "context": Object {},
            "props": Object {
              "Component": [Function],
              "context": null,
              "props": Object {
                "browsers": Array [],
                "items": Array [
                  Object {
                    "type": "firefox",
                    "version": "> 56",
                  },
                ],
                "showText": true,
              },
            },
            "refs": Object {},
            "state": Object {
              "context": null,
              "mount": true,
              "props": Object {
                "browsers": Array [],
                "items": Array [
                  Object {
                    "type": "firefox",
                    "version": "> 56",
                  },
                ],
                "showText": true,
              },
            },
            "updater": Object {
              "enqueueForceUpdate": [Function],
              "enqueueReplaceState": [Function],
              "enqueueSetState": [Function],
              "isMounted": [Function],
            },
          },
          "tag": 2,
          "type": [Function],
          "updateQueue": null,
        },
        "sibling": null,
        "stateNode": [Circular],
        "tag": 2,
        "type": [Function],
        "updateQueue": null,
      },
      "context": Object {},
      "props": Object {
        "browsers": Array [],
        "items": Array [
          Object {
            "type": "firefox",
            "version": "> 56",
          },
        ],
        "showText": true,
      },
      "refs": Object {},
      "state": null,
      "updater": Object {
        "enqueueForceUpdate": [Function],
        "enqueueReplaceState": [Function],
        "enqueueSetState": [Function],
        "isMounted": [Function],
      },
    },
    "key": undefined,
    "nodeType": "class",
    "props": Object {
      "browsers": Array [],
      "items": Array [
        Object {
          "type": "firefox",
          "version": "> 56",
        },
      ],
      "showText": true,
    },
    "ref": null,
    "rendered": Object {
      "instance": <table
        class="Browser"
      >
        <tbody>
          <tr />
        </tbody>
      </table>,
      "key": undefined,
      "nodeType": "host",
      "props": Object {
        "children": <tbody>
          <tr />
        </tbody>,
        "className": "Browser",
      },
      "ref": null,
      "rendered": Array [
        Object {
          "instance": <tbody>
            <tr />
          </tbody>,
          "key": undefined,
          "nodeType": "host",
          "props": Object {
            "children": <tr />,
          },
          "ref": null,
          "rendered": Array [
            Object {
              "instance": <tr />,
              "key": undefined,
              "nodeType": "host",
              "props": Object {
                "children": Array [],
              },
              "ref": null,
              "rendered": Array [
                Array [],
              ],
              "type": "tr",
            },
          ],
          "type": "tbody",
        },
      ],
      "type": "table",
    },
    "type": [Function],
  },
  Symbol(enzyme.__nodes__): Array [
    Object {
      "instance": BrowserSupport {
        "_reactInternalFiber": Se {
          "alternate": null,
          "child": Se {
            "alternate": null,
            "child": Se {
              "alternate": null,
              "child": Se {
                "alternate": null,
                "child": null,
                "childExpirationTime": 0,
                "effectTag": 0,
                "expirationTime": 0,
                "firstContextDependency": null,
                "firstEffect": null,
                "index": 0,
                "key": null,
                "lastEffect": null,
                "memoizedProps": Object {
                  "children": Array [],
                },
                "memoizedState": null,
                "mode": 0,
                "nextEffect": null,
                "pendingProps": Object {
                  "children": Array [],
                },
                "ref": null,
                "return": [Circular],
                "sibling": null,
                "stateNode": <tr />,
                "tag": 7,
                "type": "tr",
                "updateQueue": null,
              },
              "childExpirationTime": 0,
              "effectTag": 0,
              "expirationTime": 0,
              "firstContextDependency": null,
              "firstEffect": null,
              "index": 0,
              "key": null,
              "lastEffect": null,
              "memoizedProps": Object {
                "children": <tr />,
              },
              "memoizedState": null,
              "mode": 0,
              "nextEffect": null,
              "pendingProps": Object {
                "children": <tr />,
              },
              "ref": null,
              "return": [Circular],
              "sibling": null,
              "stateNode": <tbody>
                <tr />
              </tbody>,
              "tag": 7,
              "type": "tbody",
              "updateQueue": null,
            },
            "childExpirationTime": 0,
            "effectTag": 0,
            "expirationTime": 0,
            "firstContextDependency": null,
            "firstEffect": null,
            "index": 0,
            "key": null,
            "lastEffect": null,
            "memoizedProps": Object {
              "children": <tbody>
                <tr />
              </tbody>,
              "className": "Browser",
            },
            "memoizedState": null,
            "mode": 0,
            "nextEffect": null,
            "pendingProps": Object {
              "children": <tbody>
                <tr />
              </tbody>,
              "className": "Browser",
            },
            "ref": null,
            "return": [Circular],
            "sibling": null,
            "stateNode": <table
              class="Browser"
            >
              <tbody>
                <tr />
              </tbody>
            </table>,
            "tag": 7,
            "type": "table",
            "updateQueue": null,
          },
          "childExpirationTime": 0,
          "effectTag": 1,
          "expirationTime": 0,
          "firstContextDependency": null,
          "firstEffect": null,
          "index": 0,
          "key": null,
          "lastEffect": null,
          "memoizedProps": Object {
            "browsers": Array [],
            "items": Array [
              Object {
                "type": "firefox",
                "version": "> 56",
              },
            ],
            "showText": true,
          },
          "memoizedState": null,
          "mode": 0,
          "nextEffect": null,
          "pendingProps": Object {
            "browsers": Array [],
            "items": Array [
              Object {
                "type": "firefox",
                "version": "> 56",
              },
            ],
            "showText": true,
          },
          "ref": null,
          "return": Se {
            "alternate": null,
            "child": [Circular],
            "childExpirationTime": 0,
            "effectTag": 1,
            "expirationTime": 0,
            "firstContextDependency": null,
            "firstEffect": null,
            "index": 0,
            "key": null,
            "lastEffect": null,
            "memoizedProps": Object {
              "Component": [Function],
              "context": null,
              "props": Object {
                "browsers": Array [],
                "items": Array [
                  Object {
                    "type": "firefox",
                    "version": "> 56",
                  },
                ],
                "showText": true,
              },
            },
            "memoizedState": Object {
              "context": null,
              "mount": true,
              "props": Object {
                "browsers": Array [],
                "items": Array [
                  Object {
                    "type": "firefox",
                    "version": "> 56",
                  },
                ],
                "showText": true,
              },
            },
            "mode": 0,
            "nextEffect": null,
            "pendingProps": Object {
              "Component": [Function],
              "context": null,
              "props": Object {
                "browsers": Array [],
                "items": Array [
                  Object {
                    "type": "firefox",
                    "version": "> 56",
                  },
                ],
                "showText": true,
              },
            },
            "ref": null,
            "return": Se {
              "alternate": Se {
                "alternate": [Circular],
                "child": null,
                "childExpirationTime": 0,
                "effectTag": 0,
                "expirationTime": 1,
                "firstContextDependency": null,
                "firstEffect": null,
                "index": 0,
                "key": null,
                "lastEffect": null,
                "memoizedProps": null,
                "memoizedState": null,
                "mode": 0,
                "nextEffect": null,
                "pendingProps": null,
                "ref": null,
                "return": null,
                "sibling": null,
                "stateNode": Object {
                  "containerInfo": <div>
                    <table
                      class="Browser"
                    >
                      <tbody>
                        <tr />
                      </tbody>
                    </table>
                  </div>,
                  "context": Object {},
                  "current": [Circular],
                  "didError": false,
                  "earliestPendingTime": 0,
                  "earliestSuspendedTime": 0,
                  "expirationTime": 0,
                  "finishedWork": null,
                  "firstBatch": null,
                  "hydrate": false,
                  "latestPendingTime": 0,
                  "latestPingedTime": 0,
                  "latestSuspendedTime": 0,
                  "nextExpirationTimeToWorkOn": 0,
                  "nextScheduledRoot": null,
                  "pendingChildren": null,
                  "pendingCommitExpirationTime": 0,
                  "pendingContext": null,
                  "timeoutHandle": -1,
                },
                "tag": 5,
                "type": null,
                "updateQueue": Object {
                  "baseState": null,
                  "firstCapturedEffect": null,
                  "firstCapturedUpdate": null,
                  "firstEffect": null,
                  "firstUpdate": Object {
                    "callback": null,
                    "expirationTime": 1,
                    "next": null,
                    "nextEffect": null,
                    "payload": Object {
                      "element": <WrapperComponent
                        Component={[Function]}
                        context={null}
                        props={
                          Object {
                            "browsers": Array [],
                            "items": Array [
                              Object {
                                "type": "firefox",
                                "version": "> 56",
                              },
                            ],
                            "showText": true,
                          }
                        }
                      />,
                    },
                    "tag": 0,
                  },
                  "lastCapturedEffect": null,
                  "lastCapturedUpdate": null,
                  "lastEffect": null,
                  "lastUpdate": Object {
                    "callback": null,
                    "expirationTime": 1,
                    "next": null,
                    "nextEffect": null,
                    "payload": Object {
                      "element": <WrapperComponent
                        Component={[Function]}
                        context={null}
                        props={
                          Object {
                            "browsers": Array [],
                            "items": Array [
                              Object {
                                "type": "firefox",
                                "version": "> 56",
                              },
                            ],
                            "showText": true,
                          }
                        }
                      />,
                    },
                    "tag": 0,
                  },
                },
              },
              "child": [Circular],
              "childExpirationTime": 0,
              "effectTag": 32,
              "expirationTime": 0,
              "firstContextDependency": null,
              "firstEffect": [Circular],
              "index": 0,
              "key": null,
              "lastEffect": [Circular],
              "memoizedProps": null,
              "memoizedState": Object {
                "element": <WrapperComponent
                  Component={[Function]}
                  context={null}
                  props={
                    Object {
                      "browsers": Array [],
                      "items": Array [
                        Object {
                          "type": "firefox",
                          "version": "> 56",
                        },
                      ],
                      "showText": true,
                    }
                  }
                />,
              },
              "mode": 0,
              "nextEffect": null,
              "pendingProps": null,
              "ref": null,
              "return": null,
              "sibling": null,
              "stateNode": Object {
                "containerInfo": <div>
                  <table
                    class="Browser"
                  >
                    <tbody>
                      <tr />
                    </tbody>
                  </table>
                </div>,
                "context": Object {},
                "current": [Circular],
                "didError": false,
                "earliestPendingTime": 0,
                "earliestSuspendedTime": 0,
                "expirationTime": 0,
                "finishedWork": null,
                "firstBatch": null,
                "hydrate": false,
                "latestPendingTime": 0,
                "latestPingedTime": 0,
                "latestSuspendedTime": 0,
                "nextExpirationTimeToWorkOn": 0,
                "nextScheduledRoot": null,
                "pendingChildren": null,
                "pendingCommitExpirationTime": 0,
                "pendingContext": null,
                "timeoutHandle": -1,
              },
              "tag": 5,
              "type": null,
              "updateQueue": Object {
                "baseState": Object {
                  "element": <WrapperComponent
                    Component={[Function]}
                    context={null}
                    props={
                      Object {
                        "browsers": Array [],
                        "items": Array [
                          Object {
                            "type": "firefox",
                            "version": "> 56",
                          },
                        ],
                        "showText": true,
                      }
                    }
                  />,
                },
                "firstCapturedEffect": null,
                "firstCapturedUpdate": null,
                "firstEffect": null,
                "firstUpdate": null,
                "lastCapturedEffect": null,
                "lastCapturedUpdate": null,
                "lastEffect": null,
                "lastUpdate": null,
              },
            },
            "sibling": null,
            "stateNode": WrapperComponent {
              "_reactInternalFiber": [Circular],
              "context": Object {},
              "props": Object {
                "Component": [Function],
                "context": null,
                "props": Object {
                  "browsers": Array [],
                  "items": Array [
                    Object {
                      "type": "firefox",
                      "version": "> 56",
                    },
                  ],
                  "showText": true,
                },
              },
              "refs": Object {},
              "state": Object {
                "context": null,
                "mount": true,
                "props": Object {
                  "browsers": Array [],
                  "items": Array [
                    Object {
                      "type": "firefox",
                      "version": "> 56",
                    },
                  ],
                  "showText": true,
                },
              },
              "updater": Object {
                "enqueueForceUpdate": [Function],
                "enqueueReplaceState": [Function],
                "enqueueSetState": [Function],
                "isMounted": [Function],
              },
            },
            "tag": 2,
            "type": [Function],
            "updateQueue": null,
          },
          "sibling": null,
          "stateNode": [Circular],
          "tag": 2,
          "type": [Function],
          "updateQueue": null,
        },
        "context": Object {},
        "props": Object {
          "browsers": Array [],
          "items": Array [
            Object {
              "type": "firefox",
              "version": "> 56",
            },
          ],
          "showText": true,
        },
        "refs": Object {},
        "state": null,
        "updater": Object {
          "enqueueForceUpdate": [Function],
          "enqueueReplaceState": [Function],
          "enqueueSetState": [Function],
          "isMounted": [Function],
        },
      },
      "key": undefined,
      "nodeType": "class",
      "props": Object {
        "browsers": Array [],
        "items": Array [
          Object {
            "type": "firefox",
            "version": "> 56",
          },
        ],
        "showText": true,
      },
      "ref": null,
      "rendered": Object {
        "instance": <table
          class="Browser"
        >
          <tbody>
            <tr />
          </tbody>
        </table>,
        "key": undefined,
        "nodeType": "host",
        "props": Object {
          "children": <tbody>
            <tr />
          </tbody>,
          "className": "Browser",
        },
        "ref": null,
        "rendered": Array [
          Object {
            "instance": <tbody>
              <tr />
            </tbody>,
            "key": undefined,
            "nodeType": "host",
            "props": Object {
              "children": <tr />,
            },
            "ref": null,
            "rendered": Array [
              Object {
                "instance": <tr />,
                "key": undefined,
                "nodeType": "host",
                "props": Object {
                  "children": Array [],
                },
                "ref": null,
                "rendered": Array [
                  Array [],
                ],
                "type": "tr",
              },
            ],
            "type": "tbody",
          },
        ],
        "type": "table",
      },
      "type": [Function],
    },
  ],
  Symbol(enzyme.__options__): Object {
    "adapter": ReactSixteenAdapter {
      "options": Object {
        "enableComponentDidUpdateOnSetState": true,
        "lifecycles": Object {
          "componentDidUpdate": Object {
            "onSetState": true,
          },
          "getDerivedStateFromProps": true,
          "getSnapshotBeforeUpdate": true,
          "setState": Object {
            "skipsComponentDidUpdateOnNullish": true,
          },
        },
      },
    },
    "attachTo": undefined,
    "hydrateIn": undefined,
  },
}
`;
